
> validity-dashboard@0.1.0 build
> next build

  Ôû▓ Next.js 14.2.3

   Linting and checking validity of types ...
npm.cmd : Failed to compile.
At line:1 char:1
+ npm.cmd run build > build_output.log 2>&1 ; exit $LASTEXITCODE
+ ~~~~~~~~~~~~~~~~~~~~~~~~~~~~~~~~~~~~~~~~~
    + CategoryInfo          : NotSpecified: (Failed to compile.:String) [], Re 
   moteException
    + FullyQualifiedErrorId : NativeCommandError
 

./src/components/Navbar.tsx:3:32
Type error: Could not find a declaration file for module 'lucide-react'. 
'C:/Users/useer/OneDrive/Desktop/Stellar/Validity 
Studio/validity-dashboard/node_modules/lucide-react/dist/cjs/lucide-react.js' 
implicitly has an 'any' type.
  Try `npm i --save-dev @types/lucide-react` if it exists or add a new 
declaration (.d.ts) file containing `declare module 'lucide-react';`

[0m [90m 1 |[39m [36mimport[39m [33mReact[39m [36mfrom[39m 
[32m'react'[39m[33m;[39m[0m
[0m [90m 2 |[39m [36mimport[39m { useWallet } [36mfrom[39m 
[32m'../hooks/useWallet'[39m[33m;[39m[0m
[0m[31m[1m>[22m[39m[90m 3 |[39m [36mimport[39m { 
[33mWallet[39m[33m,[39m [33mLogOut[39m } [36mfrom[39m 
[32m'lucide-react'[39m[33m;[39m[0m
[0m [90m   |[39m                                [31m[1m^[22m[39m[0m
[0m [90m 4 |[39m [36mimport[39m [33mLink[39m [36mfrom[39m 
[32m'next/link'[39m[33m;[39m[0m
[0m [90m 5 |[39m[0m
[0m [90m 6 |[39m [36mexport[39m [36mconst[39m [33mNavbar[39m 
[33m=[39m () [33m=>[39m {[0m
